// Jest Snapshot v1, https://goo.gl/fbAQLP

exports[`feed lifecycle tests should be able to delete a second feed: "Feed not found" 1`] = `"No feed found"`;
